[backblue.gif]
[fade.gif]
[index.html]
[dichvuthongtin.dkkd.gov.vn/index.html]
[dichvuthongtin.dkkd.gov.vn/inf/Img/waiting.gif]
[dichvuthongtin.dkkd.gov.vn/inf/Layout/Assets0745.css]
[dichvuthongtin.dkkd.gov.vn/inf/ScriptResource1d68.js]
[dichvuthongtin.dkkd.gov.vn/inf/ScriptResourcee15d.js]
[dichvuthongtin.dkkd.gov.vn/inf/ScriptResource2c54.js]
[dichvuthongtin.dkkd.gov.vn/inf/Img/abr/vn-flag.png]
[dichvuthongtin.dkkd.gov.vn/inf/Img/abr/en-flag.png]
[dichvuthongtin.dkkd.gov.vn/inf/Img/abr/home.png]
[dichvuthongtin.dkkd.gov.vn/inf/JavaScript/Assets78c4.ashx]
[dichvuthongtin.dkkd.gov.vn/inf/WebResource817d.gif]
[dichvuthongtin.dkkd.gov.vn/inf/Img/ThongbaoBLDT.png]
[econtact.viettel.vn_8907/js/IpccChat.js]
[dichvuthongtin.dkkd.gov.vn/inf/default.html]
[dichvuthongtin.dkkd.gov.vn/inf/Layout/font/UTM_AvoBold.ttf]
[dichvuthongtin.dkkd.gov.vn/inf/Layout/font/UTM_Avo.ttf]
[dichvuthongtin.dkkd.gov.vn/inf/Img/body_bg.jpg]
[dichvuthongtin.dkkd.gov.vn/inf/Img/abr/bg-head_c.png]
[dichvuthongtin.dkkd.gov.vn/inf/Img/abr/usr.png]
[dichvuthongtin.dkkd.gov.vn/inf/Img/abr/guest.png]
[dichvuthongtin.dkkd.gov.vn/inf/Img/abr/logout.png]
[dichvuthongtin.dkkd.gov.vn/inf/Img/abr/filter-bg.png]
[dichvuthongtin.dkkd.gov.vn/inf/Img/abr/mark-bg.png]
[dichvuthongtin.dkkd.gov.vn/inf/Img/abr/not-mark-bg.png]
[dichvuthongtin.dkkd.gov.vn/inf/Img/abr/search.png]
[dichvuthongtin.dkkd.gov.vn/inf/Img/abr/logo.png]
[dichvuthongtin.dkkd.gov.vn/inf/Img/abr/return-bg.png]
[dichvuthongtin.dkkd.gov.vn/inf/Img/abr/return-circle.png]
[dichvuthongtin.dkkd.gov.vn/inf/Img/CloseCross.png]
[dichvuthongtin.dkkd.gov.vn/inf/Img/CloseCross_Hover.png]
[dichvuthongtin.dkkd.gov.vn/inf/Img/legend_bg.png]
[dichvuthongtin.dkkd.gov.vn/inf/Img/abr/grid-th-bg.png]
[dichvuthongtin.dkkd.gov.vn/inf/Img/abr/grid-btn-bg.png]
[dichvuthongtin.dkkd.gov.vn/inf/Img/error.png]
[dichvuthongtin.dkkd.gov.vn/inf/Img/okey.png]
[dichvuthongtin.dkkd.gov.vn/inf/Img/ajax-loader.gif]
[dichvuthongtin.dkkd.gov.vn/inf/Img/ajax_loader_big.gif]
[dichvuthongtin.dkkd.gov.vn/inf/Img/grey_tip.png]
[dichvuthongtin.dkkd.gov.vn/inf/Img/red_tip.png]
[dichvuthongtin.dkkd.gov.vn/inf/Img/btn/btn_blue.png]
[dichvuthongtin.dkkd.gov.vn/inf/Img/btn/btn_basic.png]
[dichvuthongtin.dkkd.gov.vn/inf/Img/btn/btn_red.png]
[dichvuthongtin.dkkd.gov.vn/inf/Img/btn/btn_black.png]
[dichvuthongtin.dkkd.gov.vn/inf/Img/btn/btn_greyish.png]
[dichvuthongtin.dkkd.gov.vn/inf/Img/btn/btn_green.png]
[dichvuthongtin.dkkd.gov.vn/inf/Img/btn/btn_veryblue.png]
[dichvuthongtin.dkkd.gov.vn/inf/Img/btn/btn_yellow.png]
[dichvuthongtin.dkkd.gov.vn/inf/Img/shopping_cart.png]
[dichvuthongtin.dkkd.gov.vn/inf/Img/theming/blue-bg.png]
[dichvuthongtin.dkkd.gov.vn/inf/Img/abr/font-img.png]
[dichvuthongtin.dkkd.gov.vn/inf/Img/abr/prod-group-bg.png]
[dichvuthongtin.dkkd.gov.vn/inf/Img/abr/front-page-mark-bg.png]
[dichvuthongtin.dkkd.gov.vn/inf/Img/abr/front-page-bg.png]
[dichvuthongtin.dkkd.gov.vn/inf/Img/abr/front-page-txt-bg.png]
[dichvuthongtin.dkkd.gov.vn/inf/Img/abr/egazetta.png]
[dichvuthongtin.dkkd.gov.vn/inf/Img/minus.png]
[dichvuthongtin.dkkd.gov.vn/inf/Img/plus.png]
[dichvuthongtin.dkkd.gov.vn/inf/Img/disabled_dropdown.png]
[dichvuthongtin.dkkd.gov.vn/inf/Img/disabled_radio.png]
[dichvuthongtin.dkkd.gov.vn/inf/Img/disabled_radio_empty.png]
[dichvuthongtin.dkkd.gov.vn/inf/Img/abr/menu-bg.png]
[dichvuthongtin.dkkd.gov.vn/inf/Img/abr/menu-on-bg.png]
[dichvuthongtin.dkkd.gov.vn/inf/Img/abr/menu-arrow.png]
[dichvuthongtin.dkkd.gov.vn/inf/Img/abr/vert-menu-bg.png]
[dichvuthongtin.dkkd.gov.vn/inf/Img/abr/menu-bottom-bg.png]
[dichvuthongtin.dkkd.gov.vn/inf/Img/abr/vmenu-arrow.png]
[dichvuthongtin.dkkd.gov.vn/inf/Img/abr/vmenu-o.png]
[dichvuthongtin.dkkd.gov.vn/inf/Img/nav_bg.jpg]
[dichvuthongtin.dkkd.gov.vn/inf/Img/theming/pink-bg.png]
[dichvuthongtin.dkkd.gov.vn/inf/Img/theming/gray-bg.png]
[dichvuthongtin.dkkd.gov.vn/inf/Img/theming/green-bg.png]
[dichvuthongtin.dkkd.gov.vn/inf/Img/theming/veryblue-bg.png]
[dichvuthongtin.dkkd.gov.vn/inf/Plugins/cluetip/images/wait.gif]
[dichvuthongtin.dkkd.gov.vn/inf/Plugins/cluetip/images/CloseCross_Hover.png]
[dichvuthongtin.dkkd.gov.vn/inf/Plugins/cluetip/images/CloseCross.png]
[dichvuthongtin.dkkd.gov.vn/inf/Plugins/cluetip/images/darrowleft.gif]
[dichvuthongtin.dkkd.gov.vn/inf/Plugins/jqueryui/images/ui-bg_flat_75_ffffff_40x100.png]
[dichvuthongtin.dkkd.gov.vn/inf/Plugins/jqueryui/images/ui-bg_highlight-soft_50_dddddd_1x100.png]
[dichvuthongtin.dkkd.gov.vn/inf/Plugins/jqueryui/images/ui-bg_highlight-soft_100_f6f6f6_1x100.png]
[dichvuthongtin.dkkd.gov.vn/inf/Plugins/jqueryui/images/ui-bg_highlight-soft_25_0f56a8_1x100.png]
[dichvuthongtin.dkkd.gov.vn/inf/Plugins/jqueryui/images/ui-bg_glass_65_ffffff_1x400.png]
[dichvuthongtin.dkkd.gov.vn/inf/Plugins/jqueryui/images/ui-bg_flat_55_ffffff_40x100.png]
[dichvuthongtin.dkkd.gov.vn/inf/Plugins/jqueryui/images/ui-icons_c6002a_256x240.png]
[dichvuthongtin.dkkd.gov.vn/inf/Plugins/jqueryui/images/ui-icons_0f56a8_256x240.png]
[dichvuthongtin.dkkd.gov.vn/inf/Plugins/jqueryui/images/ui-icons_4e4f56_256x240.png]
[dichvuthongtin.dkkd.gov.vn/inf/Plugins/jqueryui/images/ui-icons_ffffff_256x240.png]
[dichvuthongtin.dkkd.gov.vn/inf/Plugins/jqueryui/images/ui-icons_454545_256x240.png]
[dichvuthongtin.dkkd.gov.vn/inf/Plugins/jqueryui/images/ui-bg_flat_0_8a9db2_40x100.png]
[dichvuthongtin.dkkd.gov.vn/inf/Plugins/jqueryui/images/ui-bg_flat_0_0f56a8_40x100.png]
[dichvuthongtin.dkkd.gov.vn/inf/Plugins/jqueryui/images/ui-bg_highlight-soft_75_cccccc_1x100.png]
[dichvuthongtin.dkkd.gov.vn/inf/Plugins/jqueryui/images/ui-bg_glass_75_e6e6e6_1x400.png]
[dichvuthongtin.dkkd.gov.vn/inf/Plugins/jqueryui/images/ui-bg_glass_75_dadada_1x400.png]
[dichvuthongtin.dkkd.gov.vn/inf/Plugins/jqueryui/images/ui-bg_glass_55_fbf9ee_1x400.png]
[dichvuthongtin.dkkd.gov.vn/inf/Plugins/jqueryui/images/ui-bg_glass_95_fef1ec_1x400.png]
[dichvuthongtin.dkkd.gov.vn/inf/Plugins/jqueryui/images/ui-icons_222222_256x240.png]
[dichvuthongtin.dkkd.gov.vn/inf/Plugins/jqueryui/images/ui-icons_888888_256x240.png]
[dichvuthongtin.dkkd.gov.vn/inf/Plugins/jqueryui/images/ui-icons_2e83ff_256x240.png]
[dichvuthongtin.dkkd.gov.vn/inf/Plugins/jqueryui/images/ui-icons_cd0a0a_256x240.png]
[dichvuthongtin.dkkd.gov.vn/inf/Plugins/jqueryui/images/ui-bg_flat_0_aaaaaa_40x100.png]
[dichvuthongtin.dkkd.gov.vn/inf/Plugins/iviewer/img/hand.cur]
[dichvuthongtin.dkkd.gov.vn/inf/Plugins/iviewer/img/grab.cur]
[dichvuthongtin.dkkd.gov.vn/inf/Plugins/iviewer/img/iviewer.zoom_in.gif]
[dichvuthongtin.dkkd.gov.vn/inf/Plugins/iviewer/img/iviewer.zoom_out.gif]
[dichvuthongtin.dkkd.gov.vn/inf/Plugins/iviewer/img/iviewer.zoom_zero.gif]
[dichvuthongtin.dkkd.gov.vn/inf/Plugins/iviewer/img/iviewer.zoom_fit.gif]
[dichvuthongtin.dkkd.gov.vn/inf/Layout/D_Dichvu/ResMenu/menu.png]
[dichvuthongtin.dkkd.gov.vn/inf/Layout/D_Dichvu/dichvuthongtin.png]
[dichvuthongtin.dkkd.gov.vn/inf/Layout/D_Dichvu/dangkyquamang.png]
[dichvuthongtin.dkkd.gov.vn/inf/Layout/D_Dichvu/bocao.png]
[dichvuthongtin.dkkd.gov.vn/inf/Layout/D_Dichvu/dangkydoanhnghiep.png]
[dichvuthongtin.dkkd.gov.vn/inf/Layout/D_Dichvu/bosung.png]
[dichvuthongtin.dkkd.gov.vn/inf/Layout/D_Dichvu/delete.png]
[dichvuthongtin.dkkd.gov.vn/inf/Layout/D_Dichvu/Maudau.png]
[dichvuthongtin.dkkd.gov.vn/inf/Layout/D_Dichvu/1.jpg]
[dichvuthongtin.dkkd.gov.vn/inf/Layout/D_Dichvu/2.jpg]
[dichvuthongtin.dkkd.gov.vn/inf/Layout/D_Dichvu/3.jpg]
[dichvuthongtin.dkkd.gov.vn/inf/Layout/D_Dichvu/4.jpg]
[dichvuthongtin.dkkd.gov.vn/inf/Layout/D_Dichvu/5.jpg]
[dichvuthongtin.dkkd.gov.vn/inf/Layout/D_DichVu/icon4.png]
[dichvuthongtin.dkkd.gov.vn/inf/Layout/D_DichVu/icon8.png]
[dichvuthongtin.dkkd.gov.vn/inf/Layout/D_DichVu/icon3.png]
[dichvuthongtin.dkkd.gov.vn/inf/Layout/D_DichVu/icon5.png]
[dichvuthongtin.dkkd.gov.vn/inf/Layout/D_Dichvu/arrow_module.png]
[dichvuthongtin.dkkd.gov.vn/inf/Layout/D_Dichvu/icon-search.png]
[dichvuthongtin.dkkd.gov.vn/inf/Layout/Assets0745.css]
[dichvuthongtin.dkkd.gov.vn/inf/Layout/D_Dichvu/shopping_cart.png]
[dichvuthongtin.dkkd.gov.vn/inf/WebResourceec25.js]
[dichvuthongtin.dkkd.gov.vn/inf/WebResourceaf4a.js]
[dichvuthongtin.dkkd.gov.vn/inf/WebResource9331.js]
[dichvuthongtin.dkkd.gov.vn/inf/WebResourcecbd9.css]
[dichvuthongtin.dkkd.gov.vn/inf/WebResource168a.css]
[dichvuthongtin.dkkd.gov.vn/inf/ScriptResource1d68.js]
[dichvuthongtin.dkkd.gov.vn/inf/ScriptResource2c54.js]
[dichvuthongtin.dkkd.gov.vn/inf/ScriptResourcee15d.js]
[dichvuthongtin.dkkd.gov.vn/inf/Firefox/index.html]
[dichvuthongtin.dkkd.gov.vn/inf/AppleWebKit/index.html]
[dichvuthongtin.dkkd.gov.vn/inf/Opera/index.html]
[dichvuthongtin.dkkd.gov.vn/inf/JavaScript/Assets78c4.ashx]
[dichvuthongtin.dkkd.gov.vn/inf/WebResourceec25.js]
[dichvuthongtin.dkkd.gov.vn/inf/Img/ajax_loader_big.gif]
[dichvuthongtin.dkkd.gov.vn/inf/Img/btn/btn_red.png]
[dichvuthongtin.dkkd.gov.vn/inf/Img/abr/egazetta.png]
[dichvuthongtin.dkkd.gov.vn/inf/Img/disabled_radio_empty.png]
[dichvuthongtin.dkkd.gov.vn/inf/Plugins/cluetip/images/darrowright.html]
[dichvuthongtin.dkkd.gov.vn/inf/Plugins/cluetip/images/CloseCross_Hover.png]
[dichvuthongtin.dkkd.gov.vn/inf/Plugins/cluetip/images/darrowdown.html]
[dichvuthongtin.dkkd.gov.vn/inf/Plugins/cluetip/images/darrowup.html]
[dichvuthongtin.dkkd.gov.vn/inf/Plugins/jqueryui/images/ui-bg_highlight-soft_50_dddddd_1x100.png]
[dichvuthongtin.dkkd.gov.vn/inf/Plugins/jqueryui/images/ui-bg_glass_65_ffffff_1x400.png]
[dichvuthongtin.dkkd.gov.vn/inf/Plugins/jqueryui/images/ui-anim_basic_16x16.html]
[dichvuthongtin.dkkd.gov.vn/inf/Plugins/jqueryui/images/ui-bg_highlight-soft_100_f6f6f6_1x100.png]
[dichvuthongtin.dkkd.gov.vn/inf/Plugins/jqueryui/images/ui-bg_highlight-soft_75_cccccc_1x100.png]
[dichvuthongtin.dkkd.gov.vn/inf/Plugins/jqueryui/images/ui-bg_glass_75_e6e6e6_1x400.png]
[dichvuthongtin.dkkd.gov.vn/inf/Plugins/jqueryui/images/ui-bg_glass_95_fef1ec_1x400.png]
[dichvuthongtin.dkkd.gov.vn/inf/Layout/D_Dichvu/dichvuthongtin.png]
[dichvuthongtin.dkkd.gov.vn/inf/Firefox/index.html]
[dichvuthongtin.dkkd.gov.vn/inf/MicrosoftAjaxWebForms.html]
[dichvuthongtin.dkkd.gov.vn/inf/MicrosoftAjaxSerialization.html]
[dichvuthongtin.dkkd.gov.vn/inf/MicrosoftAjaxNetwork.html]
